
> build
> vite build

[36mvite v7.3.2 [32mbuilding client environment for production...[36m[39m
transforming...
[33mnode_modules/@tanstack/react-router/dist/esm/index.js (1:0): Module level directives cause errors when bundled, "use client" in "node_modules/@tanstack/react-router/dist/esm/index.js" was ignored.[39m
[33mnode_modules/@tanstack/react-router/dist/esm/useNavigate.js (1:0): Module level directives cause errors when bundled, "use client" in "node_modules/@tanstack/react-router/dist/esm/useNavigate.js" was ignored.[39m
[33mnode_modules/@tanstack/react-router/dist/esm/ClientOnly.js (1:0): Module level directives cause errors when bundled, "use client" in "node_modules/@tanstack/react-router/dist/esm/ClientOnly.js" was ignored.[39m
[33mnode_modules/@tanstack/react-router/dist/esm/CatchBoundary.js (1:0): Module level directives cause errors when bundled, "use client" in "node_modules/@tanstack/react-router/dist/esm/CatchBoundary.js" was ignored.[39m
[33mnode_modules/@tanstack/react-router/dist/esm/RouterProvider.js (1:0): Module level directives cause errors when bundled, "use client" in "node_modules/@tanstack/react-router/dist/esm/RouterProvider.js" was ignored.[39m
[33mnode_modules/@tanstack/react-router/dist/esm/HeadContent.js (1:0): Module level directives cause errors when bundled, "use client" in "node_modules/@tanstack/react-router/dist/esm/HeadContent.js" was ignored.[39m
[33mnode_modules/@tanstack/react-router/dist/esm/useRouterState.js (1:0): Module level directives cause errors when bundled, "use client" in "node_modules/@tanstack/react-router/dist/esm/useRouterState.js" was ignored.[39m
[33mnode_modules/@tanstack/react-router/dist/esm/useBlocker.js (1:0): Module level directives cause errors when bundled, "use client" in "node_modules/@tanstack/react-router/dist/esm/useBlocker.js" was ignored.[39m
[33mnode_modules/@tanstack/react-router/dist/esm/useMatch.js (1:0): Module level directives cause errors when bundled, "use client" in "node_modules/@tanstack/react-router/dist/esm/useMatch.js" was ignored.[39m
[33mnode_modules/@tanstack/react-router/dist/esm/useRouter.js (1:0): Module level directives cause errors when bundled, "use client" in "node_modules/@tanstack/react-router/dist/esm/useRouter.js" was ignored.[39m
[33mnode_modules/@tanstack/react-router/dist/esm/Matches.js (1:0): Module level directives cause errors when bundled, "use client" in "node_modules/@tanstack/react-router/dist/esm/Matches.js" was ignored.[39m
[33mnode_modules/@tanstack/react-router/dist/esm/Asset.js (1:0): Module level directives cause errors when bundled, "use client" in "node_modules/@tanstack/react-router/dist/esm/Asset.js" was ignored.[39m
[33mnode_modules/@tanstack/react-router/dist/esm/Match.js (1:0): Module level directives cause errors when bundled, "use client" in "node_modules/@tanstack/react-router/dist/esm/Match.js" was ignored.[39m
[33mnode_modules/@tanstack/react-router/dist/esm/link.js (1:0): Module level directives cause errors when bundled, "use client" in "node_modules/@tanstack/react-router/dist/esm/link.js" was ignored.[39m
[33mnode_modules/@tanstack/react-router/dist/esm/utils.js (1:0): Module level directives cause errors when bundled, "use client" in "node_modules/@tanstack/react-router/dist/esm/utils.js" was ignored.[39m
[33mnode_modules/@tanstack/react-router/dist/esm/routerContext.js (1:0): Module level directives cause errors when bundled, "use client" in "node_modules/@tanstack/react-router/dist/esm/routerContext.js" was ignored.[39m
[33mnode_modules/@tanstack/react-router/dist/esm/matchContext.js (1:0): Module level directives cause errors when bundled, "use client" in "node_modules/@tanstack/react-router/dist/esm/matchContext.js" was ignored.[39m
[33mnode_modules/@tanstack/react-router/dist/esm/Transitioner.js (1:0): Module level directives cause errors when bundled, "use client" in "node_modules/@tanstack/react-router/dist/esm/Transitioner.js" was ignored.[39m
Found 1 warning while optimizing generated CSS:

[2m│   initial-value: 0;[22m
[2m│ }[22m
[2m│[22m @import url("https://fonts.googleapis.com/css2?family=Space+Grotesk:wght@400;500;600;700&family=DM+Sans:wght@400;500;600;700&family=JetBrains+Mono:wght@400;600&display=swap");
[2m┆[22m        [33m[2m^--[22m @import rules must precede all rules aside from @charset and @layer statements[39m
[2m┆[22m
[2m│ :root {[22m
[2m│   --radius: 0.75rem;[22m

[33mnode_modules/framer-motion/dist/es/index.mjs (1:0): Module level directives cause errors when bundled, "use client" in "node_modules/framer-motion/dist/es/index.mjs" was ignored.[39m
[33mnode_modules/sonner/dist/index.mjs (1:0): Module level directives cause errors when bundled, "use client" in "node_modules/sonner/dist/index.mjs" was ignored.[39m
[33msrc/components/ui/label.tsx (1:0): Module level directives cause errors when bundled, "use client" in "src/components/ui/label.tsx" was ignored.[39m
[33mnode_modules/framer-motion/dist/es/components/LayoutGroup/index.mjs (1:0): Module level directives cause errors when bundled, "use client" in "node_modules/framer-motion/dist/es/components/LayoutGroup/index.mjs" was ignored.[39m
[33mnode_modules/framer-motion/dist/es/components/MotionConfig/index.mjs (1:0): Module level directives cause errors when bundled, "use client" in "node_modules/framer-motion/dist/es/components/MotionConfig/index.mjs" was ignored.[39m
[33mnode_modules/framer-motion/dist/es/components/LazyMotion/index.mjs (1:0): Module level directives cause errors when bundled, "use client" in "node_modules/framer-motion/dist/es/components/LazyMotion/index.mjs" was ignored.[39m
[33mnode_modules/framer-motion/dist/es/context/LayoutGroupContext.mjs (1:0): Module level directives cause errors when bundled, "use client" in "node_modules/framer-motion/dist/es/context/LayoutGroupContext.mjs" was ignored.[39m
[33mnode_modules/framer-motion/dist/es/context/MotionConfigContext.mjs (1:0): Module level directives cause errors when bundled, "use client" in "node_modules/framer-motion/dist/es/context/MotionConfigContext.mjs" was ignored.[39m
[33mnode_modules/framer-motion/dist/es/context/MotionContext/index.mjs (1:0): Module level directives cause errors when bundled, "use client" in "node_modules/framer-motion/dist/es/context/MotionContext/index.mjs" was ignored.[39m
[33mnode_modules/framer-motion/dist/es/context/PresenceContext.mjs (1:0): Module level directives cause errors when bundled, "use client" in "node_modules/framer-motion/dist/es/context/PresenceContext.mjs" was ignored.[39m
[33mnode_modules/framer-motion/dist/es/context/SwitchLayoutGroupContext.mjs (1:0): Module level directives cause errors when bundled, "use client" in "node_modules/framer-motion/dist/es/context/SwitchLayoutGroupContext.mjs" was ignored.[39m
[33mnode_modules/@radix-ui/react-label/dist/index.mjs (1:0): Module level directives cause errors when bundled, "use client" in "node_modules/@radix-ui/react-label/dist/index.mjs" was ignored.[39m
[33mnode_modules/framer-motion/dist/es/motion/index.mjs (1:0): Module level directives cause errors when bundled, "use client" in "node_modules/framer-motion/dist/es/motion/index.mjs" was ignored.[39m
[33mnode_modules/framer-motion/dist/es/components/AnimatePresence/index.mjs (1:0): Module level directives cause errors when bundled, "use client" in "node_modules/framer-motion/dist/es/components/AnimatePresence/index.mjs" was ignored.[39m
[33mnode_modules/framer-motion/dist/es/context/LazyContext.mjs (1:0): Module level directives cause errors when bundled, "use client" in "node_modules/framer-motion/dist/es/context/LazyContext.mjs" was ignored.[39m
[33mnode_modules/framer-motion/dist/es/components/Reorder/Item.mjs (1:0): Module level directives cause errors when bundled, "use client" in "node_modules/framer-motion/dist/es/components/Reorder/Item.mjs" was ignored.[39m
[33mnode_modules/framer-motion/dist/es/components/Reorder/Group.mjs (1:0): Module level directives cause errors when bundled, "use client" in "node_modules/framer-motion/dist/es/components/Reorder/Group.mjs" was ignored.[39m
[33mnode_modules/framer-motion/dist/es/components/AnimatePresence/PresenceChild.mjs (1:0): Module level directives cause errors when bundled, "use client" in "node_modules/framer-motion/dist/es/components/AnimatePresence/PresenceChild.mjs" was ignored.[39m
[33mnode_modules/framer-motion/dist/es/motion/features/layout/MeasureLayout.mjs (1:0): Module level directives cause errors when bundled, "use client" in "node_modules/framer-motion/dist/es/motion/features/layout/MeasureLayout.mjs" was ignored.[39m
[33mnode_modules/framer-motion/dist/es/context/ReorderContext.mjs (1:0): Module level directives cause errors when bundled, "use client" in "node_modules/framer-motion/dist/es/context/ReorderContext.mjs" was ignored.[39m
[33mnode_modules/framer-motion/dist/es/components/AnimatePresence/PopChild.mjs (1:0): Module level directives cause errors when bundled, "use client" in "node_modules/framer-motion/dist/es/components/AnimatePresence/PopChild.mjs" was ignored.[39m
[32m✓[39m 2892 modules transformed.
rendering chunks...
computing gzip size...
[2mdist/client/[22m[32massets/player-4-D1sNC7oN.jpg    [39m[1m[2m 33.72 kB[22m[1m[22m
[2mdist/client/[22m[32massets/player-1-DqgHIsIm.jpg    [39m[1m[2m 40.17 kB[22m[1m[22m
[2mdist/client/[22m[32massets/player-5-DtNgKS-w.jpg    [39m[1m[2m 40.87 kB[22m[1m[22m
[2mdist/client/[22m[32massets/player-3-CtBMlZkU.jpg    [39m[1m[2m 41.69 kB[22m[1m[22m
[2mdist/client/[22m[32massets/player-2-Bcj0rf-f.jpg    [39m[1m[2m 44.98 kB[22m[1m[22m
[2mdist/client/[22m[32massets/gallery-4-CQO4GYJJ.jpg   [39m[1m[2m 47.11 kB[22m[1m[22m
[2mdist/client/[22m[32massets/gallery-3-D2Go9DHl.jpg   [39m[1m[2m 70.59 kB[22m[1m[22m
[2mdist/client/[22m[32massets/hero-bg-DPESbrpR.jpg     [39m[1m[2m 73.75 kB[22m[1m[22m
[2mdist/client/[22m[32massets/gallery-2-96-eTz7U.jpg   [39m[1m[2m 77.12 kB[22m[1m[22m
[2mdist/client/[22m[32massets/gallery-1-Dqibtk2E.jpg   [39m[1m[2m117.78 kB[22m[1m[22m
[2mdist/client/[22m[35massets/styles-E6WzIW3n.css      [39m[1m[2m103.56 kB[22m[1m[22m[2m │ gzip:  16.41 kB[22m
[2mdist/client/[22m[36massets/mail-CE6OTBlM.js         [39m[1m[2m  0.21 kB[22m[1m[22m[2m │ gzip:   0.20 kB[22m
[2mdist/client/[22m[36massets/target-DISnGRyi.js       [39m[1m[2m  0.22 kB[22m[1m[22m[2m │ gzip:   0.16 kB[22m
[2mdist/client/[22m[36massets/calendar-VmtwB_5R.js     [39m[1m[2m  0.26 kB[22m[1m[22m[2m │ gzip:   0.21 kB[22m
[2mdist/client/[22m[36massets/zap-Ci6QqC9p.js          [39m[1m[2m  0.26 kB[22m[1m[22m[2m │ gzip:   0.21 kB[22m
[2mdist/client/[22m[36massets/users-Cp8lQQe4.js        [39m[1m[2m  0.31 kB[22m[1m[22m[2m │ gzip:   0.23 kB[22m
[2mdist/client/[22m[36massets/trophy-CF5eVSY5.js       [39m[1m[2m  0.48 kB[22m[1m[22m[2m │ gzip:   0.28 kB[22m
[2mdist/client/[22m[36massets/search-5kr4XCHA.js       [39m[1m[2m  0.48 kB[22m[1m[22m[2m │ gzip:   0.28 kB[22m
[2mdist/client/[22m[36massets/reveal-cW_h1NYC.js       [39m[1m[2m  0.72 kB[22m[1m[22m[2m │ gzip:   0.48 kB[22m
[2mdist/client/[22m[36massets/news-CH1wmOve.js         [39m[1m[2m  2.04 kB[22m[1m[22m[2m │ gzip:   0.72 kB[22m
[2mdist/client/[22m[36massets/scrims-sO0VCKVa.js       [39m[1m[2m  2.85 kB[22m[1m[22m[2m │ gzip:   1.09 kB[22m
[2mdist/client/[22m[36massets/gallery-BsZih8EB.js      [39m[1m[2m  2.86 kB[22m[1m[22m[2m │ gzip:   1.16 kB[22m
[2mdist/client/[22m[36massets/contact-BjamDGt_.js      [39m[1m[2m  3.62 kB[22m[1m[22m[2m │ gzip:   1.42 kB[22m
[2mdist/client/[22m[36massets/about-rmqk4MOW.js        [39m[1m[2m  3.96 kB[22m[1m[22m[2m │ gzip:   1.74 kB[22m
[2mdist/client/[22m[36massets/admin-ZULDz0rW.js        [39m[1m[2m  4.54 kB[22m[1m[22m[2m │ gzip:   1.65 kB[22m
[2mdist/client/[22m[36massets/tournaments-CMzbeCzS.js  [39m[1m[2m  4.59 kB[22m[1m[22m[2m │ gzip:   1.54 kB[22m
[2mdist/client/[22m[36massets/login-CJTaY06X.js        [39m[1m[2m  5.22 kB[22m[1m[22m[2m │ gzip:   1.99 kB[22m
[2mdist/client/[22m[36massets/team-B6yI5a5H.js         [39m[1m[2m  6.31 kB[22m[1m[22m[2m │ gzip:   1.74 kB[22m
[2mdist/client/[22m[36massets/index-oenaoRBV.js        [39m[1m[2m 10.29 kB[22m[1m[22m[2m │ gzip:   3.28 kB[22m
[2mdist/client/[22m[36massets/join-CAyDvqkk.js         [39m[1m[2m 92.62 kB[22m[1m[22m[2m │ gzip:  23.83 kB[22m
[2mdist/client/[22m[36massets/proxy-CBEuWTaC.js        [39m[1m[2m111.38 kB[22m[1m[22m[2m │ gzip:  36.62 kB[22m
[2mdist/client/[22m[36massets/index-DSRUKB4i.js        [39m[1m[2m376.03 kB[22m[1m[22m[2m │ gzip: 120.60 kB[22m
[2mdist/client/[22m[36massets/dashboard-Cu_4kRGV.js    [39m[1m[2m400.47 kB[22m[1m[22m[2m │ gzip: 110.90 kB[22m
[32m✓ built in 4.81s[39m
[36mvite v7.3.2 [32mbuilding ssr environment for production...[36m[39m
transforming...
Found 1 warning while optimizing generated CSS:

[2m│   initial-value: 0;[22m
[2m│ }[22m
[2m│[22m @import url("https://fonts.googleapis.com/css2?family=Space+Grotesk:wght@400;500;600;700&family=DM+Sans:wght@400;500;600;700&family=JetBrains+Mono:wght@400;600&display=swap");
[2m┆[22m        [33m[2m^--[22m @import rules must precede all rules aside from @charset and @layer statements[39m
[2m┆[22m
[2m│ :root {[22m
[2m│   --radius: 0.75rem;[22m

[33msrc/components/ui/label.tsx (1:0): Module level directives cause errors when bundled, "use client" in "src/components/ui/label.tsx" was ignored.[39m
[32m✓[39m 101 modules transformed.
[31m✗[39m Build failed in 498ms
[31merror during build:
[31msrc/server/auth.ts?tss-serverfn-split (3:20): "getCookie" is not exported by "node_modules/@tanstack/react-start/dist/esm/index.js", imported by "src/server/auth.ts?tss-serverfn-split".[31m
file: [36mE:/zod-esports-hub-main/src/server/auth.ts?tss-serverfn-split:3:20[31m
[33m
1: import { createServerFn } from "@tanstack/react-start";
2: import { setCookie, getCookie } from "@tanstack/react-start";
3: import { prisma } from "./db";
                       ^
4: import { verifyPassword, signToken, verifyToken } from "../lib/auth";
[31m
    at getRollupError (file:///E:/zod-esports-hub-main/node_modules/rollup/dist/es/shared/parseAst.js:406:41)
    at error (file:///E:/zod-esports-hub-main/node_modules/rollup/dist/es/shared/parseAst.js:402:42)
    at Module.error (file:///E:/zod-esports-hub-main/node_modules/rollup/dist/es/shared/node-entry.js:17380:16)
    at Module.traceVariable (file:///E:/zod-esports-hub-main/node_modules/rollup/dist/es/shared/node-entry.js:17813:29)
    at ModuleScope.findVariable (file:///E:/zod-esports-hub-main/node_modules/rollup/dist/es/shared/node-entry.js:15403:39)
    at ReturnValueScope.findVariable (file:///E:/zod-esports-hub-main/node_modules/rollup/dist/es/shared/node-entry.js:5676:38)
    at FunctionBodyScope.findVariable (file:///E:/zod-esports-hub-main/node_modules/rollup/dist/es/shared/node-entry.js:5676:38)
    at Identifier.bind (file:///E:/zod-esports-hub-main/node_modules/rollup/dist/es/shared/node-entry.js:5450:40)
    at CallExpression.bind (file:///E:/zod-esports-hub-main/node_modules/rollup/dist/es/shared/node-entry.js:2832:23)
    at CallExpression.bind (file:///E:/zod-esports-hub-main/node_modules/rollup/dist/es/shared/node-entry.js:12512:15)[39m
